   Compiling proc-macro2 v1.0.107
   Compiling unicode-ident v1.0.24
    Checking cmov v0.5.4
   Compiling quote v1.0.47
    Checking typenum v1.20.1
    Checking cfg-if v1.0.4
    Checking rand_core v0.10.1
   Compiling libc v0.2.189
    Checking const-oid v0.10.2
    Checking simd-adler32 v0.3.10
   Compiling crc32fast v1.5.1
    Checking adler2 v2.0.1
    Checking log v0.4.34
    Checking arrayvec v0.7.8
    Checking zlib-rs v0.6.7
    Checking ctutils v0.4.2
    Checking miniz_oxide v0.9.1
   Compiling rustversion v1.0.23
    Checking smallvec v1.15.2
   Compiling autocfg v1.5.1
    Checking memchr v2.8.3
   Compiling libm v0.2.16
   Compiling wasm-bindgen-shared v0.2.127
   Compiling num-traits v0.2.19
   Compiling version_check v0.9.5
    Checking hybrid-array v0.4.14
    Checking bitflags v2.13.1
   Compiling slotmap v1.1.1
    Checking miniz_oxide v0.8.9
    Checking fdeflate v0.3.7
    Checking flate2 v1.1.10
    Checking cpufeatures v0.3.0
    Checking hashbrown v0.17.1
    Checking equivalent v1.0.2
   Compiling syn v3.0.3
   Compiling syn v2.0.119
    Checking weezl v0.1.12
    Checking crypto-common v0.2.2
    Checking block-buffer v0.12.1
    Checking block-padding v0.4.2
   Compiling zerocopy v0.8.56
    Checking inout v0.2.2
    Checking float-cmp v0.9.0
    Checking indexmap v2.14.0
    Checking strict-num v0.1.1
    Checking polycool v0.4.0
   Compiling serde_core v1.0.229
    Checking color_quant v1.1.0
    Checking digest v0.11.3
    Checking cipher v0.5.2
   Compiling semver v1.0.28
    Checking tinyvec_macros v0.1.1
    Checking arrayref v0.3.9
    Checking quick-error v2.0.1
    Checking siphasher v1.0.3
    Checking core_maths v0.1.1
    Checking tinyvec v1.12.0
   Compiling rustc_version v0.4.1
    Checking ttf-parser v0.25.1
    Checking kurbo v0.13.1
    Checking keccak v0.2.1
    Checking memmap2 v0.9.11
    Checking kurbo v0.11.3
   Compiling shlex v2.0.1
    Checking byteorder-lite v0.1.0
    Checking unicode-ccc v0.4.0
    Checking unicode-properties v0.1.4
   Compiling find-msvc-tools v0.1.11
   Compiling zmij v1.0.23
    Checking bitflags v1.3.2
    Checking zune-core v0.5.3
    Checking unicode-script v0.5.8
   Compiling heck v0.5.0
   Compiling bumpalo v3.20.3
    Checking itoa v1.0.18
    Checking unicode-bidi-mirroring v0.4.0
    Checking zune-jpeg v0.5.15
   Compiling cc v1.4.3
    Checking png v0.17.16
   Compiling curve25519-dalek v5.0.0
    Checking signature v3.0.0
   Compiling bytemuck_derive v1.12.0
   Compiling wasm-bindgen v0.2.127
   Compiling encoding_rs v0.8.41
    Checking svgtypes v0.15.3
    Checking simplecss v0.2.2
    Checking once_cell v1.21.4
    Checking fax v0.2.7
   Compiling serde_json v1.0.151
    Checking xmlwriter v0.1.0
    Checking zune-core v0.4.12
    Checking imagesize v0.13.0
    Checking roxmltree v0.20.0
    Checking base64 v0.22.1
    Checking data-url v0.3.2
    Checking unicode-bidi v0.3.18
    Checking pico-args v0.5.0
    Checking pxfm v0.1.30
    Checking unicode-vo v0.1.0
   Compiling getrandom v0.4.3
    Checking zopfli v0.8.3
    Checking zune-jpeg v0.4.21
    Checking bytemuck v1.25.2
    Checking fontdb v0.23.0
   Compiling blake3 v1.8.7
    Checking image-webp v0.2.4
   Compiling wasm-bindgen-macro-support v0.2.127
    Checking module-lattice v0.2.3
    Checking hmac v0.13.0
    Checking sha2 v0.11.0
    Checking gif v0.13.3
    Checking font-types v0.11.3
    Checking tiny-skia-path v0.11.4
    Checking rustybuzz v0.20.1
    Checking rgb v0.8.53
    Checking gif v0.14.2
    Checking read-fonts v0.39.2
    Checking universal-hash v0.6.1
    Checking png v0.18.1
    Checking moxcms v0.8.1
    Checking quick-xml v0.42.0
    Checking tiny-skia v0.11.4
    Checking sponge-cursor v0.1.0
    Checking cpubits v0.1.1
   Compiling multiversion_no_op v1.0.0
    Checking scopeguard v1.2.0
    Checking ryu v1.0.23
    Checking simdutf8 v0.1.5
   Compiling serde v1.0.229
    Checking rustc-hash v2.1.3
   Compiling zerocopy-derive v0.8.56
    Checking subtle v2.6.1
   Compiling paste v1.0.15
    Checking typed-path v0.12.3
    Checking zeroize v1.9.0
   Compiling snafu-derive v0.9.2
   Compiling strum_macros v0.28.0
    Checking pdf-writer v0.12.1
    Checking zip v8.6.0
    Checking usvg v0.45.1
    Checking aes v0.9.3
   Compiling wasm-bindgen-macro v0.2.127
    Checking shake v0.1.0
    Checking poly1305 v0.9.1
    Checking pbkdf2 v0.13.0
    Checking ed25519 v3.0.0
   Compiling serde_derive v1.0.229
    Checking sha3 v0.11.0
    Checking des v0.9.0
    Checking chacha20 v0.10.1
    Checking resvg v0.45.1
    Checking cbc v0.2.1
    Checking blake2 v0.11.0
    Checking sha1 v0.11.0
    Checking kem v0.3.0
    Checking aead v0.6.1
    Checking roxmltree v0.21.1
   Compiling rhwp v0.8.6 (/Users/tsjang/rhwp)
    Checking base64ct v1.8.3
    Checking uuid v1.24.1
    Checking constant_time_eq v0.4.2
    Checking byteorder v1.5.0
    Checking fnv v1.0.7
    Checking base64 v0.23.1
    Checking web-time v1.1.0
    Checking argon2 v0.6.0
    Checking pcx v0.2.5
    Checking cfb v0.14.0
    Checking rhwp-password-crypto v0.1.0 (/Users/tsjang/rhwp/crates/rhwp-password-crypto)
    Checking chacha20poly1305 v0.11.0
    Checking ml-kem v0.3.2
    Checking rhwp-contracts v0.1.0 (/Users/tsjang/rhwp/crates/rhwp-contracts)
    Checking snafu v0.9.2
    Checking strum v0.28.0
    Checking ed25519-dalek v3.0.0
    Checking ml-dsa v0.1.1
    Checking console_error_panic_hook v0.1.7
    Checking codepage v0.1.2
    Checking rhwp-ooxml-chart v0.1.0 (/Users/tsjang/rhwp/crates/rhwp-ooxml-chart)
    Checking svgtypes v0.16.1
    Checking unicode-segmentation v1.13.3
    Checking embedded-io v0.7.1
    Checking unicode-width v0.2.2
    Checking write-fonts v0.48.1
    Checking skrifa v0.42.1
    Checking half v2.7.1
    Checking tiff v0.11.3
    Checking image v0.25.10
    Checking subsetter v0.2.6
    Checking svg2pdf v0.13.0 (/Users/tsjang/rhwp/vendor/svg2pdf)
    Finished `dev` profile [unoptimized + debuginfo] target(s) in 1m 12s
