    Checking cmov v0.5.4
    Checking typenum v1.20.1
    Checking cfg-if v1.0.4
    Checking rand_core v0.10.1
    Checking const-oid v0.10.2
    Checking simd-adler32 v0.3.10
    Checking unicode-ident v1.0.24
    Checking adler2 v2.0.1
    Checking once_cell v1.21.4
    Checking memchr v2.8.3
    Checking crc32fast v1.5.1
    Checking wasm-bindgen-shared v0.2.127
    Checking zlib-rs v0.6.7
    Checking num-traits v0.2.19
    Checking miniz_oxide v0.9.1
    Checking pin-project-lite v0.2.17
    Checking slab v0.4.12
    Checking futures-core v0.3.34
    Checking ctutils v0.4.2
    Checking wasm-bindgen v0.2.127
    Checking futures-task v0.3.34
    Checking keccak v0.2.1
    Checking log v0.4.34
    Checking arrayvec v0.7.8
    Checking zerocopy v0.8.56
    Checking futures-util v0.3.34
    Checking serde_core v1.0.229
    Checking libm v0.2.16
    Checking bumpalo v3.20.3
    Checking zune-core v0.5.3
    Checking equivalent v1.0.2
    Checking bitflags v2.13.1
    Checking hashbrown v0.17.1
    Checking hybrid-array v0.4.14
    Checking smallvec v1.15.2
    Checking zune-jpeg v0.5.15
    Checking flate2 v1.1.10
    Checking zopfli v0.8.3
    Checking polycool v0.4.0
    Checking zmij v1.0.23
    Checking indexmap v2.14.0
    Checking core_maths v0.1.1
    Checking quick-xml v0.42.0
    Checking miniz_oxide v0.8.9
    Checking fdeflate v0.3.7
    Checking typed-path v0.12.3
    Checking pxfm v0.1.30
    Checking weezl v0.1.12
    Checking zeroize v1.9.0
    Checking subtle v2.6.1
    Checking cpubits v0.1.1
    Checking bytemuck v1.25.2
    Checking fax v0.2.7
    Checking itoa v1.0.18
    Checking quick-error v2.0.1
    Checking scopeguard v1.2.0
    Checking sponge-cursor v0.1.0
    Checking js-sys v0.3.104
    Checking encoding_rs v0.8.41
    Checking png v0.18.1
    Checking getrandom v0.4.3
    Checking ttf-parser v0.25.1
    Checking crypto-common v0.2.2
    Checking block-buffer v0.12.1
    Checking block-padding v0.4.2
    Checking inout v0.2.2
    Checking module-lattice v0.2.3
    Checking serde_json v1.0.151
    Checking zip v8.6.0
    Checking kurbo v0.13.1
    Checking roxmltree v0.21.1
    Checking digest v0.11.3
    Checking cipher v0.5.2
    Checking signature v3.0.0
    Checking sha2 v0.11.0
    Checking hmac v0.13.0
    Checking universal-hash v0.6.1
    Checking ed25519 v3.0.0
    Checking pbkdf2 v0.13.0
    Checking poly1305 v0.9.1
    Checking des v0.9.0
    Checking cbc v0.2.1
    Checking chacha20 v0.10.1
    Checking aes v0.9.3
    Checking curve25519-dalek v5.0.0
    Checking blake2 v0.11.0
    Checking sha1 v0.11.0
    Checking sha3 v0.11.0
    Checking shake v0.1.0
    Checking kem v0.3.0
    Checking aead v0.6.1
    Checking fnv v1.0.7
    Checking siphasher v1.0.3
    Checking unicode-script v0.5.8
    Checking unicode-ccc v0.4.0
    Checking unicode-properties v0.1.4
    Checking moxcms v0.8.1
    Checking byteorder-lite v0.1.0
    Checking constant_time_eq v0.4.2
    Checking byteorder v1.5.0
   Compiling rhwp v0.8.6 (/Users/tsjang/rhwp)
    Checking base64ct v1.8.3
    Checking base64 v0.23.1
    Checking uuid v1.24.1
    Checking unicode-bidi-mirroring v0.4.0
    Checking pcx v0.2.5
    Checking ed25519-dalek v3.0.0
    Checking argon2 v0.6.0
    Checking rustybuzz v0.20.1
    Checking rhwp-password-crypto v0.1.0 (/Users/tsjang/rhwp/crates/rhwp-password-crypto)
    Checking blake3 v1.8.7
    Checking svgtypes v0.16.1
    Checking ml-kem v0.3.2
    Checking chacha20poly1305 v0.11.0
    Checking half v2.7.1
    Checking ml-dsa v0.1.1
    Checking snafu v0.9.2
    Checking strum v0.28.0
    Checking rhwp-contracts v0.1.0 (/Users/tsjang/rhwp/crates/rhwp-contracts)
    Checking codepage v0.1.2
    Checking serde v1.0.229
    Checking rhwp-ooxml-chart v0.1.0 (/Users/tsjang/rhwp/crates/rhwp-ooxml-chart)
    Checking console_error_panic_hook v0.1.7
    Checking tiff v0.11.3
    Checking unicode-segmentation v1.13.3
    Checking unicode-width v0.2.2
    Checking embedded-io v0.7.1
    Checking image v0.25.10
    Checking web-time v1.1.0
    Checking web-sys v0.3.104
    Checking cfb v0.14.0
    Finished `dev` profile [unoptimized + debuginfo] target(s) in 50.87s
