   Compiling rhwp v0.8.6 (/tmp/rhwp-pr7518-review-20261004)
    Finished `test` profile [unoptimized + debuginfo] target(s) in 2.23s
     Running tests/generated/regression_suite_010.rs (/home/edward/mygithub/rhwp/target/pr-review/debug/deps/regression_suite_010-9cce13ddc03c7620)

running 1 test
test text_overlap_baseline::text_overlaps_do_not_grow_partition_9 ... FAILED

failures:

---- text_overlap_baseline::text_overlaps_do_not_grow_partition_9 stdout ----
LAYOUT_TABLE_OVERLAP: page=0, sec=0, para_a=2, para_b=3, a=151.3~190.9, b=188.0~256.4, overlap=2.9px
LAYOUT_TABLE_OVERLAP: page=0, sec=0, para_a=1, para_b=2, a=110.2~152.3, b=143.8~181.1, overlap=8.5px
LAYOUT_OVERFLOW_DRAW: section=0 pi=179 line=0 y=1435.7 col_bottom=1422.9 overflow=12.7px
LAYOUT_OVERFLOW: page=3, sec=0, col=0, para=179, type=FullParagraph, first=false, y=1435.7, bottom=1422.9, overflow=12.7px
LAYOUT_TABLE_OVERLAP: page=8, sec=0, para_a=351, para_b=327, a=839.9~1091.3, b=863.6~1090.5, overlap=227.7px
LAYOUT_TABLE_OVERLAP: page=3, sec=0, para_a=169, para_b=181, a=247.2~526.7, b=277.1~700.1, overlap=249.6px
LAYOUT_OVERFLOW_DRAW: section=0 pi=210 line=0 y=1431.3 col_bottom=1422.9 overflow=8.4px
LAYOUT_OVERFLOW: page=4, sec=0, col=0, para=210, type=FullParagraph, first=false, y=1431.3, bottom=1422.9, overflow=8.4px
LAYOUT_OVERFLOW: page=5, sec=0, col=1, para=257, type=Table, first=false, y=1433.6, bottom=1422.9, overflow=10.7px
LAYOUT_OVERFLOW_DRAW: section=0 pi=270 line=0 y=1428.7 col_bottom=1422.9 overflow=5.8px
LAYOUT_OVERFLOW: page=6, sec=0, col=0, para=270, type=FullParagraph, first=false, y=1428.7, bottom=1422.9, overflow=5.8px
LAYOUT_OVERFLOW: page=6, sec=0, col=1, para=280, type=Table, first=false, y=1428.4, bottom=1422.9, overflow=5.5px
LAYOUT_TABLE_OVERLAP: page=6, sec=0, para_a=272, para_b=259, a=245.4~337.8, b=247.2~346.7, overlap=90.6px
LAYOUT_TABLE_OVERLAP: page=6, sec=0, para_a=264, para_b=277, a=784.3~846.1, b=817.7~1206.6, overlap=28.3px
LAYOUT_TABLE_OVERLAP: page=6, sec=0, para_a=277, para_b=268, a=817.7~1206.6, b=965.5~1041.9, overlap=241.1px
LAYOUT_TABLE_OVERLAP: page=0, sec=2, para_a=14, para_b=2, a=343.7~619.6, b=479.8~678.6, overlap=139.8px
LAYOUT_OVERFLOW: page=15, sec=2, col=0, para=236, type=Table, first=false, y=1087.6, bottom=1046.9, overflow=40.6px
LAYOUT_OVERFLOW: page=20, sec=2, col=0, para=353, type=Table, first=false, y=1117.8, bottom=1046.9, overflow=70.9px
LAYOUT_TABLE_OVERLAP: page=1, sec=2, para_a=34, para_b=56, a=910.4~1112.8, b=1084.7~1190.5, overlap=28.1px
LAYOUT_TABLE_OVERLAP: page=1, sec=2, para_a=56, para_b=35, a=1084.7~1190.5, b=1133.3~1237.7, overlap=57.2px
LAYOUT_OVERFLOW: page=18, sec=0, col=1, para=980, type=Shape, first=false, y=1143.1, bottom=1092.3, overflow=50.9px
LAYOUT_TABLE_OVERLAP: page=0, sec=0, para_a=0, para_b=1, a=77.5~128.7, b=126.3~163.6, overlap=2.3px
LAYOUT_TABLE_OVERLAP: page=0, sec=0, para_a=6, para_b=5, a=746.4~1103.6, b=856.3~1103.6, overlap=247.3px
LAYOUT_OVERFLOW: page=2, sec=0, col=0, para=0, type=PartialTable, first=true, y=1095.1, bottom=1084.7, overflow=10.3px
LAYOUT_OVERFLOW: page=59, sec=0, col=0, para=0, type=PartialTable, first=true, y=1092.7, bottom=1084.7, overflow=8.0px
LAYOUT_OVERFLOW: page=64, sec=0, col=0, para=0, type=PartialTable, first=true, y=1093.9, bottom=1084.7, overflow=9.2px
LAYOUT_OVERFLOW: page=106, sec=0, col=0, para=0, type=PartialTable, first=true, y=1097.0, bottom=1084.7, overflow=12.3px
LAYOUT_OVERFLOW: page=289, sec=0, col=0, para=10633, type=FullParagraph, first=false, y=1015.5, bottom=1009.1, overflow=6.3px
LAYOUT_OVERFLOW: page=303, sec=0, col=0, para=11131, type=FullParagraph, first=false, y=1015.5, bottom=1009.1, overflow=6.3px
LAYOUT_OVERFLOW: page=305, sec=0, col=0, para=11224, type=FullParagraph, first=false, y=1015.5, bottom=1009.1, overflow=6.3px
LAYOUT_OVERFLOW: page=309, sec=0, col=0, para=11404, type=FullParagraph, first=false, y=1015.5, bottom=1009.1, overflow=6.3px
LAYOUT_OVERFLOW: page=310, sec=0, col=0, para=11451, type=FullParagraph, first=false, y=1015.5, bottom=1009.1, overflow=6.3px
LAYOUT_OVERFLOW: page=325, sec=0, col=0, para=12006, type=FullParagraph, first=false, y=1015.5, bottom=1009.1, overflow=6.3px
LAYOUT_OVERFLOW: page=429, sec=0, col=0, para=15638, type=FullParagraph, first=false, y=1015.5, bottom=1009.1, overflow=6.3px
LAYOUT_OVERFLOW: page=429, sec=0, col=0, para=15639, type=FullParagraph, first=false, y=1015.5, bottom=1009.1, overflow=6.3px
LAYOUT_OVERFLOW: page=455, sec=0, col=0, para=16530, type=FullParagraph, first=false, y=1015.5, bottom=1009.1, overflow=6.3px
LAYOUT_OVERFLOW: page=488, sec=0, col=0, para=17694, type=FullParagraph, first=false, y=1015.5, bottom=1009.1, overflow=6.3px
LAYOUT_OVERFLOW: page=490, sec=0, col=0, para=17759, type=FullParagraph, first=false, y=1015.5, bottom=1009.1, overflow=6.3px
LAYOUT_OVERFLOW: page=635, sec=0, col=0, para=22454, type=FullParagraph, first=false, y=1015.5, bottom=1009.1, overflow=6.3px
LAYOUT_OVERFLOW: page=669, sec=0, col=0, para=23691, type=FullParagraph, first=false, y=1015.5, bottom=1009.1, overflow=6.3px
text-overlap slow sample partition 9/16: 55.689s hwp3-sample10.hwp
LAYOUT_OVERFLOW: page=721, sec=0, col=0, para=25399, type=FullParagraph, first=false, y=1015.5, bottom=1009.1, overflow=6.3px
LAYOUT_OVERFLOW: page=722, sec=0, col=0, para=25439, type=FullParagraph, first=false, y=1015.5, bottom=1009.1, overflow=6.3px
LAYOUT_OVERFLOW: page=746, sec=0, col=0, para=26161, type=FullParagraph, first=false, y=1015.5, bottom=1009.1, overflow=6.3px
text-overlap slow sample partition 9/16: 57.283s hwp3-sample10-hwpx.hwpx
text-overlap 스윕 partition 9/16: 샘플 73건(스킵 0) / 0 아닌 문서 5종 / 총 447건
---8<--- 현재값 전체 (baseline TSV 형식) ---8<---
76076_regulatory_analysis.hwp	2
hwp3-sample10-hwpx.hwpx	173
hwp3-sample10.hwp	189
hwpx/hwpx-h-03.hwpx	75
issue1949_giant_cell_nested_tables_perf.hwp	8
--->8--- 현재값 전체 끝 --->8---

thread 'text_overlap_baseline::text_overlaps_do_not_grow_partition_9' (24386) panicked at tests/generated/../cases/text_overlap_baseline.rs:357:5:
보이는 글자끼리 겹치는 사건(layout-anomaly text-overlap)이 늘었다.
한 글자 위에 다른 글자가 그려지면 두 글자 모두 읽을 수 없는 확정 결함이다.
원인 정정이 원칙이고, 의도된 변화만 baseline 에 반영한다(4.3.1 규약 준용).
현재값 전체는 위 `---8<---` 블록에 TSV 형식으로 찍혀 있다.
로컬 파일로 받으려면: RHWP_TEXT_OVERLAP_DUMP=<path> 로 재실행.
쪽 단위 위치 확인: rhwp layout-anomaly "<문서>" -p <쪽> --json
신규 발생: 76076_regulatory_analysis.hwp — 2건 (baseline 없음)
note: run with `RUST_BACKTRACE=1` environment variable to display a backtrace


failures:
    text_overlap_baseline::text_overlaps_do_not_grow_partition_9

test result: FAILED. 0 passed; 1 failed; 0 ignored; 0 measured; 233 filtered out; finished in 57.34s

error: test failed, to rerun pass `-p rhwp --test regression_suite_010`
